// Jest Snapshot v1, https://goo.gl/fbAQLP

exports[`Should Unavailable Server Screen render correctly 1`] = `
<div>
  <div
    class="page-content"
    style="min-height: 100vh; text-align: center;"
  >
    <h1>
      Сервер временно не доступен
    </h1>
  </div>
</div>
`;
